ASxxxx Linker V03.00 + NoICE + sdld,  page 1.
Hexadecimal  [32-Bits]

Area                                    Addr        Size        Decimal Bytes (Attributes)
--------------------------------        ----        ----        ------- ----- ------------
.  .ABS.                            00000000    00000000 =           0. bytes (ABS,CON)

      Value  Global                              Global Defined In Module
      -----  --------------------------------   ------------------------
     00000000  .__.ABS.                           
     00000000  l__CABS                         
     00000000  l__DABS                         
     00000000  l__HEADER                       
     00000000  l__HEAP                         
     00000000  l__HOME                         
     00000000  l__INITIALIZED                  
     00000000  l__INITIALIZER                  
     00000000  l__ROMDATA                      
     00000000  s__CABS                         
     00000000  s__DABS                         
     00000000  s__HEADER                       
     00000000  s__HEADER0                      
     00000001  l__GSFINAL                      
     00000005  l__DATA                         
     00000010  l__GSINIT                       
     0000001C  l__HEADER0                      
     00000860  l__CODE                         
     0000401C  s__CODE                         
     0000487C  s__GSINIT                       
     0000487C  s__HOME                         
     0000488C  s__GSFINAL                      
     0000488D  s__INITIALIZER                  
     0000488D  s__ROMDATA                      
     0000C000  s__DATA                         
     0000C005  s__HEAP                         
     0000C005  s__INITIALIZED                  
ASxxxx Linker V03.00 + NoICE + sdld,  page 2.
Hexadecimal  [32-Bits]

Area                                    Addr        Size        Decimal Bytes (Attributes)
--------------------------------        ----        ----        ------- ----- ------------
_CODE                               0000401C    00000860 =        2144. bytes (REL,CON)

      Value  Global                              Global Defined In Module
      -----  --------------------------------   ------------------------
     0000401C  __print                            msxromapp
     000046C0  _print                             msxromapp
     000046DA  _title                             msxromapp
     000046E8  _game                              msxromapp
     00004727  _gameOver                          msxromapp
     0000473C  _main                              msxromapp
     00004764  _Cls                               cls
     00004776  _Width                             width
     000047CB  _InputChar                         
     000047E1  _Locate                            locate
     00004802  _SetColors                         setcolors
     0000485C  _Screen                            
ASxxxx Linker V03.00 + NoICE + sdld,  page 3.
Hexadecimal  [32-Bits]

Area                                    Addr        Size        Decimal Bytes (Attributes)
--------------------------------        ----        ----        ------- ----- ------------
_HEADER0                            00000000    0000001C =          28. bytes (ABS,CON)

      Value  Global                              Global Defined In Module
      -----  --------------------------------   ------------------------
     00004010  init                               

ASxxxx Linker V03.00 + NoICE + sdld,  page 4.
Hexadecimal  [32-Bits]

Area                                    Addr        Size        Decimal Bytes (Attributes)
--------------------------------        ----        ----        ------- ----- ------------
_GSINIT                             0000487C    00000010 =          16. bytes (REL,CON)

      Value  Global                              Global Defined In Module
      -----  --------------------------------   ------------------------
     0000487C  gsinit                             

ASxxxx Linker V03.00 + NoICE + sdld,  page 5.
Hexadecimal  [32-Bits]

Area                                    Addr        Size        Decimal Bytes (Attributes)
--------------------------------        ----        ----        ------- ----- ------------
_GSFINAL                            0000488C    00000001 =           1. bytes (REL,CON)

      Value  Global                              Global Defined In Module
      -----  --------------------------------   ------------------------
ASxxxx Linker V03.00 + NoICE + sdld,  page 6.
Hexadecimal  [32-Bits]

Area                                    Addr        Size        Decimal Bytes (Attributes)
--------------------------------        ----        ----        ------- ----- ------------
_DATA                               0000C000    00000005 =           5. bytes (REL,CON)

      Value  Global                              Global Defined In Module
      -----  --------------------------------   ------------------------
     0000C000  _heap_top                          
     0000C002  _x                                 msxromapp
     0000C003  _y                                 msxromapp
     0000C004  _EoG                               msxromapp

ASxxxx Linker V03.00 + NoICE + sdld,  page 7.
Hexadecimal  [32-Bits]

Area                                    Addr        Size        Decimal Bytes (Attributes)
--------------------------------        ----        ----        ------- ----- ------------
_HEAP                               0000C005    00000000 =           0. bytes (REL,CON)

      Value  Global                              Global Defined In Module
      -----  --------------------------------   ------------------------
     0000C005  _HEAP_start                        

ASxxxx Linker V03.00 + NoICE + sdld,  page 8.

Files Linked                              [ module(s) ]

Debug\objs\msxromcrt0.rel                 [  ]
Debug\objs\msxromapp.rel                  [ msxromapp ]


Libraries Linked                          [ object file ]

..\..\..\libs\fusion-c\lib\fusion.lib     [ cls.rel ]
..\..\..\libs\fusion-c\lib\fusion.lib     [ width.rel ]
..\..\..\libs\fusion-c\lib\fusion.lib     [ inputchar.rel ]
..\..\..\libs\fusion-c\lib\fusion.lib     [ locate.rel ]
..\..\..\libs\fusion-c\lib\fusion.lib     [ setcolors.rel ]
..\..\..\libs\fusion-c\lib\fusion.lib     [ screen.rel ]

ASxxxx Linker V03.00 + NoICE + sdld,  page 9.

User Base Address Definitions

_CODE = 0x401c
_DATA = 0xc000

