ASxxxx Linker V03.00 + NoICE + sdld,  page 1.
Hexadecimal  [32-Bits]

Area                                    Addr        Size        Decimal Bytes (Attributes)
--------------------------------        ----        ----        ------- ----- ------------
.  .ABS.                            00000000    00000000 =           0. bytes (ABS,CON)

      Value  Global                              Global Defined In Module
      -----  --------------------------------   ------------------------
     00000000  .__.ABS.                           
     00000000  l__CABS                         
     00000000  l__DABS                         
     00000000  l__HEADER                       
     00000000  l__HEAP                         
     00000000  l__HOME                         
     00000000  l__ROMDATA                      
     00000000  s__CABS                         
     00000000  s__DABS                         
     00000000  s__HEADER                       
     00000000  s__HEADER0                      
     00000001  l__GSFINAL                      
     00000009  l__DATA                         
     00000010  l__GSINIT                       
     0000001C  l__HEADER0                      
     00000396  l__CODE                         
     00000663  l__INITIALIZED                  
     00000663  l__INITIALIZER                  
     0000401C  s__CODE                         
     000043B2  s__GSINIT                       
     000043B2  s__HOME                         
     000043C2  s__GSFINAL                      
     000043C3  s__INITIALIZER                  
     00004A26  s__ROMDATA                      
     0000C000  s__DATA                         
     0000C009  s__INITIALIZED                  
     0000C66C  s__HEAP                         
ASxxxx Linker V03.00 + NoICE + sdld,  page 2.
Hexadecimal  [32-Bits]

Area                                    Addr        Size        Decimal Bytes (Attributes)
--------------------------------        ----        ----        ------- ----- ------------
_CODE                               0000401C    00000396 =         918. bytes (REL,CON)

      Value  Global                              Global Defined In Module
      -----  --------------------------------   ------------------------
     0000401C  __print                            msxromapp
     0000405D  _print                             msxromapp
     00004067  _title                             msxromapp
     00004075  _game                              msxromapp
     0000415E  _gameOver                          msxromapp
     00004173  _main                              msxromapp
     0000419B  _Cls                               cls
     000041AD  _Vpeek                             vpeek
     000041E1  _Width                             width
     00004236  _VpeekFirst                        vpeekfirst
     000042C0  _VDPwriteNi                        
     000042D0  _JoystickRead                      joystickread
     000042EF  _InputChar                         
     00004305  _Locate                            locate
     00004326  _InPort                            
     0000432E  _OutPort                           
     00004338  _SetColors                         setcolors
     00004392  _Screen                            
ASxxxx Linker V03.00 + NoICE + sdld,  page 3.
Hexadecimal  [32-Bits]

Area                                    Addr        Size        Decimal Bytes (Attributes)
--------------------------------        ----        ----        ------- ----- ------------
_HEADER0                            00000000    0000001C =          28. bytes (ABS,CON)

      Value  Global                              Global Defined In Module
      -----  --------------------------------   ------------------------
     00004010  init                               

ASxxxx Linker V03.00 + NoICE + sdld,  page 4.
Hexadecimal  [32-Bits]

Area                                    Addr        Size        Decimal Bytes (Attributes)
--------------------------------        ----        ----        ------- ----- ------------
_GSINIT                             000043B2    00000010 =          16. bytes (REL,CON)

      Value  Global                              Global Defined In Module
      -----  --------------------------------   ------------------------
     000043B2  gsinit                             

ASxxxx Linker V03.00 + NoICE + sdld,  page 5.
Hexadecimal  [32-Bits]

Area                                    Addr        Size        Decimal Bytes (Attributes)
--------------------------------        ----        ----        ------- ----- ------------
_GSFINAL                            000043C2    00000001 =           1. bytes (REL,CON)

      Value  Global                              Global Defined In Module
      -----  --------------------------------   ------------------------
ASxxxx Linker V03.00 + NoICE + sdld,  page 6.
Hexadecimal  [32-Bits]

Area                                    Addr        Size        Decimal Bytes (Attributes)
--------------------------------        ----        ----        ------- ----- ------------
_INITIALIZER                        000043C3    00000663 =        1635. bytes (REL,CON)

      Value  Global                              Global Defined In Module
      -----  --------------------------------   ------------------------
ASxxxx Linker V03.00 + NoICE + sdld,  page 7.
Hexadecimal  [32-Bits]

Area                                    Addr        Size        Decimal Bytes (Attributes)
--------------------------------        ----        ----        ------- ----- ------------
_DATA                               0000C000    00000009 =           9. bytes (REL,CON)

      Value  Global                              Global Defined In Module
      -----  --------------------------------   ------------------------
     0000C000  _heap_top                          
     0000C002  _x                                 msxromapp
     0000C003  _y                                 msxromapp
     0000C004  _joy                               msxromapp
     0000C005  _EoG                               msxromapp
     0000C006  _content                           msxromapp
     0000C007  _lastJiffy                         msxromapp

ASxxxx Linker V03.00 + NoICE + sdld,  page 8.
Hexadecimal  [32-Bits]

Area                                    Addr        Size        Decimal Bytes (Attributes)
--------------------------------        ----        ----        ------- ----- ------------
_INITIALIZED                        0000C009    00000663 =        1635. bytes (REL,CON)

      Value  Global                              Global Defined In Module
      -----  --------------------------------   ------------------------
ASxxxx Linker V03.00 + NoICE + sdld,  page 9.
Hexadecimal  [32-Bits]

Area                                    Addr        Size        Decimal Bytes (Attributes)
--------------------------------        ----        ----        ------- ----- ------------
_HEAP                               0000C66C    00000000 =           0. bytes (REL,CON)

      Value  Global                              Global Defined In Module
      -----  --------------------------------   ------------------------
     0000C66C  _HEAP_start                        

ASxxxx Linker V03.00 + NoICE + sdld,  page 10.

Files Linked                              [ module(s) ]

Release\objs\msxromcrt0.rel               [  ]
Release\objs\msxromapp.rel                [ msxromapp ]


Libraries Linked                          [ object file ]

..\..\..\libs\fusion-c\lib\fusion.lib     [ cls.rel ]
..\..\..\libs\fusion-c\lib\fusion.lib     [ vpeek.rel ]
..\..\..\libs\fusion-c\lib\fusion.lib     [ width.rel ]
..\..\..\libs\fusion-c\lib\fusion.lib     [ vpeekfirst.rel ]
..\..\..\libs\fusion-c\lib\fusion.lib     [ vdpwriteni.rel ]
..\..\..\libs\fusion-c\lib\fusion.lib     [ joystickread.rel ]
..\..\..\libs\fusion-c\lib\fusion.lib     [ inputchar.rel ]
..\..\..\libs\fusion-c\lib\fusion.lib     [ locate.rel ]
..\..\..\libs\fusion-c\lib\fusion.lib     [ inport.rel ]
..\..\..\libs\fusion-c\lib\fusion.lib     [ outport.rel ]
..\..\..\libs\fusion-c\lib\fusion.lib     [ setcolors.rel ]
..\..\..\libs\fusion-c\lib\fusion.lib     [ screen.rel ]

ASxxxx Linker V03.00 + NoICE + sdld,  page 11.

User Base Address Definitions

_CODE = 0x401c
_DATA = 0xc000

