                                      1 ;--------------------------------------------------------
                                      2 ; File Created by SDCC : free open source ANSI-C Compiler
                                      3 ; Version 4.1.0 #12072 (MINGW64)
                                      4 ;--------------------------------------------------------
                                      5 	.module msxromapp
                                      6 	.optsdcc -mz80
                                      7 	
                                      8 ;--------------------------------------------------------
                                      9 ; Public variables in this module
                                     10 ;--------------------------------------------------------
                                     11 	.globl _main
                                     12 	.globl _gameOver
                                     13 	.globl _game
                                     14 	.globl _title
                                     15 	.globl _print
                                     16 	.globl __print
                                     17 	.globl _Width
                                     18 	.globl _Vpeek
                                     19 	.globl _SetColors
                                     20 	.globl _JoystickRead
                                     21 	.globl _Screen
                                     22 	.globl _Cls
                                     23 	.globl _Locate
                                     24 	.globl _InputChar
                                     25 	.globl _lastJiffy
                                     26 	.globl _content
                                     27 	.globl _EoG
                                     28 	.globl _joy
                                     29 	.globl _y
                                     30 	.globl _x
                                     31 ;--------------------------------------------------------
                                     32 ; special function registers
                                     33 ;--------------------------------------------------------
                                     34 ;--------------------------------------------------------
                                     35 ; ram data
                                     36 ;--------------------------------------------------------
                                     37 	.area _DATA
      000000                         38 _x::
      000000                         39 	.ds 1
      000001                         40 _y::
      000001                         41 	.ds 1
      000002                         42 _joy::
      000002                         43 	.ds 1
      000003                         44 _EoG::
      000003                         45 	.ds 1
      000004                         46 _content::
      000004                         47 	.ds 1
      000005                         48 _lastJiffy::
      000005                         49 	.ds 2
                                     50 ;--------------------------------------------------------
                                     51 ; ram data
                                     52 ;--------------------------------------------------------
                                     53 	.area _INITIALIZED
      000000                         54 _gameScreen:
      000000                         55 	.ds 769
      000301                         56 _titleScreen:
      000301                         57 	.ds 769
      000602                         58 _gameOverMsg:
      000602                         59 	.ds 97
                                     60 ;--------------------------------------------------------
                                     61 ; absolute external ram data
                                     62 ;--------------------------------------------------------
                                     63 	.area _DABS (ABS)
                                     64 ;--------------------------------------------------------
                                     65 ; global & static initialisations
                                     66 ;--------------------------------------------------------
                                     67 	.area _HOME
                                     68 	.area _GSINIT
                                     69 	.area _GSFINAL
                                     70 	.area _GSINIT
                                     71 ;--------------------------------------------------------
                                     72 ; Home
                                     73 ;--------------------------------------------------------
                                     74 	.area _HOME
                                     75 	.area _HOME
                                     76 ;--------------------------------------------------------
                                     77 ; code
                                     78 ;--------------------------------------------------------
                                     79 	.area _CODE
                                     80 ;msxromapp.c:28: void _print(char* msg) {
                                     81 ;	---------------------------------
                                     82 ; Function _print
                                     83 ; ---------------------------------
      000000                         84 __print::
                                     85 ;msxromapp.c:52: __endasm;
      000000 21 02 00         [10]   86 	ld	hl, #2; retrieve address from stack
      000003 39               [11]   87 	add	hl, sp
      000004 46               [ 7]   88 	ld	b, (hl)
      000005 23               [ 6]   89 	inc	hl
      000006 66               [ 7]   90 	ld	h, (hl)
      000007 68               [ 4]   91 	ld	l, b
      000008                         92 	_printMSG_loop	:
      000008 7E               [ 7]   93 	ld	a, (hl) ; print
      000009 B7               [ 4]   94 	or	a
      00000A C8               [11]   95 	ret	z
      00000B E5               [11]   96 	push	hl
      00000C DD E5            [15]   97 	push	ix
      00000E FD 2A C0 FC      [20]   98 	ld	iy, (0xfcc0)
      000012 DD 21 A2 00      [14]   99 	ld	ix, #0x00a2
      000016 CD 1C 00         [17]  100 	call	0x001c
      000019 FB               [ 4]  101 	ei	; in some MSXs (i.e. F1XV) CALSLT returns with di.
      00001A DD E1            [14]  102 	pop	ix
      00001C E1               [10]  103 	pop	hl
      00001D 23               [ 6]  104 	inc	hl
      00001E 18 E8            [12]  105 	jr	_printMSG_loop
                                    106 ;msxromapp.c:54: return;
                                    107 ;msxromapp.c:55: }
      000020 C9               [10]  108 	ret
      000021                        109 _Done_Version:
      000021 4D 61 64 65 20 77 69   110 	.ascii "Made with FUSION-C 1.2 (ebsoft)"
             74 68 20 46 55 53 49
             4F 4E 2D 43 20 31 2E
             32 20 28 65 62 73 6F
             66 74 29
      000040 00                     111 	.db 0x00
                                    112 ;msxromapp.c:61: void print(char* msg) {
                                    113 ;	---------------------------------
                                    114 ; Function print
                                    115 ; ---------------------------------
      000041                        116 _print::
                                    117 ;msxromapp.c:65: _print(msg);
      000041 C1               [10]  118 	pop	bc
      000042 E1               [10]  119 	pop	hl
      000043 E5               [11]  120 	push	hl
      000044 C5               [11]  121 	push	bc
      000045 E5               [11]  122 	push	hl
      000046 CDr00r00         [17]  123 	call	__print
      000049 F1               [10]  124 	pop	af
                                    125 ;msxromapp.c:66: return;
                                    126 ;msxromapp.c:67: }
      00004A C9               [10]  127 	ret
                                    128 ;msxromapp.c:69: void title() {
                                    129 ;	---------------------------------
                                    130 ; Function title
                                    131 ; ---------------------------------
      00004B                        132 _title::
                                    133 ;msxromapp.c:70: Cls();
      00004B CDr00r00         [17]  134 	call	_Cls
                                    135 ;msxromapp.c:71: print(titleScreen);
      00004E 21r01r03         [10]  136 	ld	hl, #_titleScreen
      000051 E5               [11]  137 	push	hl
      000052 CDr41r00         [17]  138 	call	_print
      000055 F1               [10]  139 	pop	af
                                    140 ;msxromapp.c:72: InputChar();
                                    141 ;msxromapp.c:73: }
      000056 C3r00r00         [10]  142 	jp	_InputChar
                                    143 ;msxromapp.c:75: void game() {
                                    144 ;	---------------------------------
                                    145 ; Function game
                                    146 ; ---------------------------------
      000059                        147 _game::
                                    148 ;msxromapp.c:76: Cls();
      000059 CDr00r00         [17]  149 	call	_Cls
                                    150 ;msxromapp.c:77: print(gameScreen);
      00005C 21r00r00         [10]  151 	ld	hl, #_gameScreen
      00005F E5               [11]  152 	push	hl
      000060 CDr41r00         [17]  153 	call	_print
      000063 F1               [10]  154 	pop	af
                                    155 ;msxromapp.c:80: x = 10;
      000064 21r00r00         [10]  156 	ld	hl, #_x
      000067 36 0A            [10]  157 	ld	(hl), #0x0a
                                    158 ;msxromapp.c:81: y = 10;
      000069 21r01r00         [10]  159 	ld	hl, #_y
      00006C 36 0A            [10]  160 	ld	(hl), #0x0a
                                    161 ;msxromapp.c:82: EoG = false;
      00006E 21r03r00         [10]  162 	ld	hl, #_EoG
      000071 36 00            [10]  163 	ld	(hl), #0x00
                                    164 ;msxromapp.c:83: Pokew(BIOS_JIFFY, 0);
      000073 21 00 00         [10]  165 	ld	hl, #0x0000
      000076 22 9E FC         [16]  166 	ld	(0xfc9e), hl
                                    167 ;msxromapp.c:86: while (!EoG) {
      000079                        168 00111$:
      000079 FD 21r03r00      [14]  169 	ld	iy, #_EoG
      00007D FD CB 00 46      [20]  170 	bit	0, 0 (iy)
      000081 C2r00r00         [10]  171 	jp	NZ,_InputChar
                                    172 ;msxromapp.c:89: while (lastJiffy == Peekw(BIOS_JIFFY)) {}
      000084                        173 00101$:
      000084 21 9E FC         [10]  174 	ld	hl, #0xfc9e
      000087 4E               [ 7]  175 	ld	c, (hl)
      000088 23               [ 6]  176 	inc	hl
      000089 46               [ 7]  177 	ld	b, (hl)
      00008A 2Ar05r00         [16]  178 	ld	hl, (_lastJiffy)
      00008D BF               [ 4]  179 	cp	a, a
      00008E ED 42            [15]  180 	sbc	hl, bc
      000090 28 F2            [12]  181 	jr	Z, 00101$
                                    182 ;msxromapp.c:92: if (Peekw(BIOS_JIFFY) == 15)
      000092 21 9E FC         [10]  183 	ld	hl, #0xfc9e
      000095 4E               [ 7]  184 	ld	c, (hl)
      000096 23               [ 6]  185 	inc	hl
      000097 46               [ 7]  186 	ld	b, (hl)
      000098 79               [ 4]  187 	ld	a, c
      000099 D6 0F            [ 7]  188 	sub	a, #0x0f
      00009B B0               [ 4]  189 	or	a, b
      00009C C2r31r01         [10]  190 	jp	NZ,00110$
                                    191 ;msxromapp.c:95: joy = JoystickRead(CURSORKEYS); //read the joystick value
      00009F AF               [ 4]  192 	xor	a, a
      0000A0 F5               [11]  193 	push	af
      0000A1 33               [ 6]  194 	inc	sp
      0000A2 CDr00r00         [17]  195 	call	_JoystickRead
      0000A5 7D               [ 4]  196 	ld	a, l
      0000A6 33               [ 6]  197 	inc	sp
      0000A7 32r02r00         [13]  198 	ld	(_joy+0), a
                                    199 ;msxromapp.c:97: switch (joy) {
      0000AA FD 21r02r00      [14]  200 	ld	iy, #_joy
      0000AE FD 7E 00         [19]  201 	ld	a, 0 (iy)
      0000B1 3D               [ 4]  202 	dec	a
      0000B2 28 17            [12]  203 	jr	Z, 00104$
      0000B4 FD 7E 00         [19]  204 	ld	a, 0 (iy)
      0000B7 D6 03            [ 7]  205 	sub	a, #0x03
      0000B9 28 16            [12]  206 	jr	Z, 00105$
      0000BB FD 7E 00         [19]  207 	ld	a, 0 (iy)
      0000BE D6 05            [ 7]  208 	sub	a, #0x05
      0000C0 28 15            [12]  209 	jr	Z, 00106$
      0000C2 FD 7E 00         [19]  210 	ld	a, 0 (iy)
      0000C5 D6 07            [ 7]  211 	sub	a, #0x07
      0000C7 28 14            [12]  212 	jr	Z, 00107$
      0000C9 18 16            [12]  213 	jr	00108$
                                    214 ;msxromapp.c:98: case UP:
      0000CB                        215 00104$:
                                    216 ;msxromapp.c:99: y--;
      0000CB 21r01r00         [10]  217 	ld	hl, #_y
      0000CE 35               [11]  218 	dec	(hl)
                                    219 ;msxromapp.c:100: break;
      0000CF 18 10            [12]  220 	jr	00108$
                                    221 ;msxromapp.c:101: case RIGHT:
      0000D1                        222 00105$:
                                    223 ;msxromapp.c:102: x++;
      0000D1 21r00r00         [10]  224 	ld	hl, #_x
      0000D4 34               [11]  225 	inc	(hl)
                                    226 ;msxromapp.c:103: break;
      0000D5 18 0A            [12]  227 	jr	00108$
                                    228 ;msxromapp.c:104: case DOWN:
      0000D7                        229 00106$:
                                    230 ;msxromapp.c:105: y++;
      0000D7 21r01r00         [10]  231 	ld	hl, #_y
      0000DA 34               [11]  232 	inc	(hl)
                                    233 ;msxromapp.c:106: break;
      0000DB 18 04            [12]  234 	jr	00108$
                                    235 ;msxromapp.c:107: case LEFT:
      0000DD                        236 00107$:
                                    237 ;msxromapp.c:108: x--;
      0000DD 21r00r00         [10]  238 	ld	hl, #_x
      0000E0 35               [11]  239 	dec	(hl)
                                    240 ;msxromapp.c:110: }
      0000E1                        241 00108$:
                                    242 ;msxromapp.c:112: content = Vpeek(NAMETABLE + y * 32 + x);
      0000E1 3Ar01r00         [13]  243 	ld	a, (#_y + 0)
      0000E4 6F               [ 4]  244 	ld	l, a
      0000E5 26 00            [ 7]  245 	ld	h, #0x00
      0000E7 29               [11]  246 	add	hl, hl
      0000E8 29               [11]  247 	add	hl, hl
      0000E9 29               [11]  248 	add	hl, hl
      0000EA 29               [11]  249 	add	hl, hl
      0000EB 29               [11]  250 	add	hl, hl
      0000EC 4D               [ 4]  251 	ld	c, l
      0000ED 7C               [ 4]  252 	ld	a, h
      0000EE C6 18            [ 7]  253 	add	a, #0x18
      0000F0 47               [ 4]  254 	ld	b, a
      0000F1 3Ar00r00         [13]  255 	ld	a, (#_x + 0)
      0000F4 6F               [ 4]  256 	ld	l, a
      0000F5 26 00            [ 7]  257 	ld	h, #0x00
      0000F7 09               [11]  258 	add	hl, bc
      0000F8 E5               [11]  259 	push	hl
      0000F9 CDr00r00         [17]  260 	call	_Vpeek
      0000FC F1               [10]  261 	pop	af
      0000FD 7D               [ 4]  262 	ld	a, l
      0000FE 32r04r00         [13]  263 	ld	(_content+0), a
                                    264 ;msxromapp.c:113: EoG = ((joy > 0) && (content != ' '));
      000101 3Ar02r00         [13]  265 	ld	a,(#_joy + 0)
      000104 B7               [ 4]  266 	or	a, a
      000105 28 07            [12]  267 	jr	Z, 00116$
      000107 3Ar04r00         [13]  268 	ld	a,(#_content + 0)
      00010A D6 20            [ 7]  269 	sub	a, #0x20
      00010C 20 03            [12]  270 	jr	NZ, 00117$
      00010E                        271 00116$:
      00010E AF               [ 4]  272 	xor	a, a
      00010F 18 02            [12]  273 	jr	00118$
      000111                        274 00117$:
      000111 3E 01            [ 7]  275 	ld	a, #0x01
      000113                        276 00118$:
      000113 32r03r00         [13]  277 	ld	(_EoG+0), a
                                    278 ;msxromapp.c:114: Locate(x, y);
      000116 3Ar01r00         [13]  279 	ld	a,(#_y + 0)
      000119 F5               [11]  280 	push	af
      00011A 33               [ 6]  281 	inc	sp
      00011B 3Ar00r00         [13]  282 	ld	a,(#_x + 0)
      00011E F5               [11]  283 	push	af
      00011F 33               [ 6]  284 	inc	sp
      000120 CDr00r00         [17]  285 	call	_Locate
                                    286 ;msxromapp.c:115: print("*");
      000123 21r40r01         [10]  287 	ld	hl, #___str_1
      000126 E3               [19]  288 	ex	(sp),hl
      000127 CDr41r00         [17]  289 	call	_print
      00012A F1               [10]  290 	pop	af
                                    291 ;msxromapp.c:117: Pokew(BIOS_JIFFY, 0);
      00012B 21 00 00         [10]  292 	ld	hl, #0x0000
      00012E 22 9E FC         [16]  293 	ld	(0xfc9e), hl
      000131                        294 00110$:
                                    295 ;msxromapp.c:123: lastJiffy = Peekw(BIOS_JIFFY);
      000131 21 9E FC         [10]  296 	ld	hl, #0xfc9e
      000134 7E               [ 7]  297 	ld	a, (hl)
      000135 32r05r00         [13]  298 	ld	(_lastJiffy+0), a
      000138 23               [ 6]  299 	inc	hl
      000139 7E               [ 7]  300 	ld	a, (hl)
      00013A 32r06r00         [13]  301 	ld	(_lastJiffy+1), a
                                    302 ;msxromapp.c:126: InputChar();
                                    303 ;msxromapp.c:127: }
      00013D C3r79r00         [10]  304 	jp	00111$
      000140                        305 ___str_1:
      000140 2A                     306 	.ascii "*"
      000141 00                     307 	.db 0x00
                                    308 ;msxromapp.c:129: void gameOver() {
                                    309 ;	---------------------------------
                                    310 ; Function gameOver
                                    311 ; ---------------------------------
      000142                        312 _gameOver::
                                    313 ;msxromapp.c:130: Locate(0, 10);
      000142 3E 0A            [ 7]  314 	ld	a, #0x0a
      000144 F5               [11]  315 	push	af
      000145 33               [ 6]  316 	inc	sp
      000146 AF               [ 4]  317 	xor	a, a
      000147 F5               [11]  318 	push	af
      000148 33               [ 6]  319 	inc	sp
      000149 CDr00r00         [17]  320 	call	_Locate
                                    321 ;msxromapp.c:131: print(gameOverMsg);
      00014C 21r02r06         [10]  322 	ld	hl, #_gameOverMsg
      00014F E3               [19]  323 	ex	(sp),hl
      000150 CDr41r00         [17]  324 	call	_print
      000153 F1               [10]  325 	pop	af
                                    326 ;msxromapp.c:132: InputChar();
                                    327 ;msxromapp.c:133: }
      000154 C3r00r00         [10]  328 	jp	_InputChar
                                    329 ;msxromapp.c:135: void main(void) {
                                    330 ;	---------------------------------
                                    331 ; Function main
                                    332 ; ---------------------------------
      000157                        333 _main::
                                    334 ;msxromapp.c:136: Screen(1);
      000157 3E 01            [ 7]  335 	ld	a, #0x01
      000159 F5               [11]  336 	push	af
      00015A 33               [ 6]  337 	inc	sp
      00015B CDr00r00         [17]  338 	call	_Screen
      00015E 33               [ 6]  339 	inc	sp
                                    340 ;msxromapp.c:137: Width(32);
      00015F 3E 20            [ 7]  341 	ld	a, #0x20
      000161 F5               [11]  342 	push	af
      000162 33               [ 6]  343 	inc	sp
      000163 CDr00r00         [17]  344 	call	_Width
      000166 33               [ 6]  345 	inc	sp
                                    346 ;msxromapp.c:138: SetColors(255, 0, 0);
      000167 AF               [ 4]  347 	xor	a, a
      000168 F5               [11]  348 	push	af
      000169 33               [ 6]  349 	inc	sp
      00016A AF               [ 4]  350 	xor	a, a
      00016B 57               [ 4]  351 	ld	d,a
      00016C 1E FF            [ 7]  352 	ld	e,#0xff
      00016E D5               [11]  353 	push	de
      00016F CDr00r00         [17]  354 	call	_SetColors
      000172 F1               [10]  355 	pop	af
      000173 33               [ 6]  356 	inc	sp
                                    357 ;msxromapp.c:141: while (true) {
      000174                        358 00102$:
                                    359 ;msxromapp.c:142: title();
      000174 CDr4Br00         [17]  360 	call	_title
                                    361 ;msxromapp.c:143: game();
      000177 CDr59r00         [17]  362 	call	_game
                                    363 ;msxromapp.c:144: gameOver();
      00017A CDr42r01         [17]  364 	call	_gameOver
                                    365 ;msxromapp.c:146: }
      00017D 18 F5            [12]  366 	jr	00102$
                                    367 	.area _CODE
                                    368 	.area _INITIALIZER
      000000                        369 __xinit__gameScreen:
      000000 2B 2D 2D 2D 2D 2D 2D   370 	.ascii "+------------------------------+|                           "
             2D 2D 2D 2D 2D 2D 2D
             2D 2D 2D 2D 2D 2D 2D
             2D 2D 2D 2D 2D 2D 2D
             2D 2D 2D 2B 7C 20 20
             20 20 20 20 20 20 20
             20 20 20 20 20 20 20
             20 20 20 20 20 20 20
             20 20 20 20
      00003C 20 20 20 7C 7C 20 20   371 	.ascii "   ||                              ||                       "
             20 20 20 20 20 20 20
             20 20 20 20 20 20 20
             20 20 20 20 20 20 20
             20 20 20 20 20 20 20
             7C 7C 20 20 20 20 20
             20 20 20 20 20 20 20
             20 20 20 20 20 20 20
             20 20 20 20
      000078 20 20 20 20 20 20 20   372 	.ascii "       ||                              ||                   "
             7C 7C 20 20 20 20 20
             20 20 20 20 20 20 20
             20 20 20 20 20 20 20
             20 20 20 20 20 20 20
             20 20 20 20 7C 7C 20
             20 20 20 20 20 20 20
             20 20 20 20 20 20 20
             20 20 20 20
      0000B4 20 20 20 20 20 20 20   373 	.ascii "           ||                              ||               "
             20 20 20 20 7C 7C 20
             20 20 20 20 20 20 20
             20 20 20 20 20 20 20
             20 20 20 20 20 20 20
             20 20 20 20 20 20 20
             20 7C 7C 20 20 20 20
             20 20 20 20 20 20 20
             20 20 20 20
      0000F0 20 20 20 20 20 20 20   374 	.ascii "               ||                              ||           "
             20 20 20 20 20 20 20
             20 7C 7C 20 20 20 20
             20 20 20 20 20 20 20
             20 20 20 20 20 20 20
             20 20 20 20 20 20 20
             20 20 20 20 20 7C 7C
             20 20 20 20 20 20 20
             20 20 20 20
      00012C 20 20 20 20 20 20 20   375 	.ascii "                   ||                              ||       "
             20 20 20 20 20 20 20
             20 20 20 20 20 7C 7C
             20 20 20 20 20 20 20
             20 20 20 20 20 20 20
             20 20 20 20 20 20 20
             20 20 20 20 20 20 20
             20 20 7C 7C 20 20 20
             20 20 20 20
      000168 20 20 20 20 20 20 20   376 	.ascii "                       ||                              ||   "
             20 20 20 20 20 20 20
             20 20 20 20 20 20 20
             20 20 7C 7C 20 20 20
             20 20 20 20 20 20 20
             20 20 20 20 20 20 20
             20 20 20 20 20 20 20
             20 20 20 20 20 20 7C
             7C 20 20 20
      0001A4 20 20 20 20 20 20 20   377 	.ascii "                           ||                              |"
             20 20 20 20 20 20 20
             20 20 20 20 20 20 20
             20 20 20 20 20 20 7C
             7C 20 20 20 20 20 20
             20 20 20 20 20 20 20
             20 20 20 20 20 20 20
             20 20 20 20 20 20 20
             20 20 20 7C
      0001E0 7C 20 20 20 20 20 20   378 	.ascii "|                              ||                           "
             20 20 20 20 20 20 20
             20 20 20 20 20 20 20
             20 20 20 20 20 20 20
             20 20 20 7C 7C 20 20
             20 20 20 20 20 20 20
             20 20 20 20 20 20 20
             20 20 20 20 20 20 20
             20 20 20 20
      00021C 20 20 20 7C 7C 20 20   379 	.ascii "   ||                              ||                       "
             20 20 20 20 20 20 20
             20 20 20 20 20 20 20
             20 20 20 20 20 20 20
             20 20 20 20 20 20 20
             7C 7C 20 20 20 20 20
             20 20 20 20 20 20 20
             20 20 20 20 20 20 20
             20 20 20 20
      000258 20 20 20 20 20 20 20   380 	.ascii "       ||                              ||                   "
             7C 7C 20 20 20 20 20
             20 20 20 20 20 20 20
             20 20 20 20 20 20 20
             20 20 20 20 20 20 20
             20 20 20 20 7C 7C 20
             20 20 20 20 20 20 20
             20 20 20 20 20 20 20
             20 20 20 20
      000294 20 20 20 20 20 20 20   381 	.ascii "           ||                              |+---------------"
             20 20 20 20 7C 7C 20
             20 20 20 20 20 20 20
             20 20 20 20 20 20 20
             20 20 20 20 20 20 20
             20 20 20 20 20 20 20
             20 7C 2B 2D 2D 2D 2D
             2D 2D 2D 2D 2D 2D 2D
             2D 2D 2D 2D
      0002D0 2D 2D 2D 2D 2D 2D 2D   382 	.ascii "---------------+ Score 0     High 0    Level 01"
             2D 2D 2D 2D 2D 2D 2D
             2D 2B 20 53 63 6F 72
             65 20 30 20 20 20 20
             20 48 69 67 68 20 30
             20 20 20 20 4C 65 76
             65 6C 20 30 31
      0002FF 00                     383 	.db 0x00
      000300 00                     384 	.db 0x00
      000301                        385 __xinit__titleScreen:
      000301 2B 2D 2D 2D 2D 2D 2D   386 	.ascii "+------------------------------+|                           "
             2D 2D 2D 2D 2D 2D 2D
             2D 2D 2D 2D 2D 2D 2D
             2D 2D 2D 2D 2D 2D 2D
             2D 2D 2D 2B 7C 20 20
             20 20 20 20 20 20 20
             20 20 20 20 20 20 20
             20 20 20 20 20 20 20
             20 20 20 20
      00033D 20 20 20 7C 7C 20 20   387 	.ascii "   ||                              ||                       "
             20 20 20 20 20 20 20
             20 20 20 20 20 20 20
             20 20 20 20 20 20 20
             20 20 20 20 20 20 20
             7C 7C 20 20 20 20 20
             20 20 20 20 20 20 20
             20 20 20 20 20 20 20
             20 20 20 20
      000379 20 20 20 20 20 20 20   388 	.ascii "       ||                              ||                   "
             7C 7C 20 20 20 20 20
             20 20 20 20 20 20 20
             20 20 20 20 20 20 20
             20 20 20 20 20 20 20
             20 20 20 20 7C 7C 20
             20 20 20 20 20 20 20
             20 20 20 20 20 20 20
             20 20 20 20
      0003B5 20 20 20 20 20 20 20   389 	.ascii "           ||                              ||               "
             20 20 20 20 7C 7C 20
             20 20 20 20 20 20 20
             20 20 20 20 20 20 20
             20 20 20 20 20 20 20
             20 20 20 20 20 20 20
             20 7C 7C 20 20 20 20
             20 20 20 20 20 20 20
             20 20 20 20
      0003F1 20 20 20 20 20 20 20   390 	.ascii "               ||                              ||           "
             20 20 20 20 20 20 20
             20 7C 7C 20 20 20 20
             20 20 20 20 20 20 20
             20 20 20 20 20 20 20
             20 20 20 20 20 20 20
             20 20 20 20 20 7C 7C
             20 20 20 20 20 20 20
             20 20 20 20
      00042D 20 20 20 20 20 20 20   391 	.ascii "                   ||        S  N  A  K  E         ||       "
             20 20 20 20 20 20 20
             20 20 20 20 20 7C 7C
             20 20 20 20 20 20 20
             20 53 20 20 4E 20 20
             41 20 20 4B 20 20 45
             20 20 20 20 20 20 20
             20 20 7C 7C 20 20 20
             20 20 20 20
      000469 20 20 20 20 20 20 20   392 	.ascii "                       ||                              ||   "
             20 20 20 20 20 20 20
             20 20 20 20 20 20 20
             20 20 7C 7C 20 20 20
             20 20 20 20 20 20 20
             20 20 20 20 20 20 20
             20 20 20 20 20 20 20
             20 20 20 20 20 20 7C
             7C 20 20 20
      0004A5 20 20 20 20 20 20 20   393 	.ascii "                           ||                              |"
             20 20 20 20 20 20 20
             20 20 20 20 20 20 20
             20 20 20 20 20 20 7C
             7C 20 20 20 20 20 20
             20 20 20 20 20 20 20
             20 20 20 20 20 20 20
             20 20 20 20 20 20 20
             20 20 20 7C
      0004E1 7C 20 20 20 20 20 20   394 	.ascii "|                              ||                           "
             20 20 20 20 20 20 20
             20 20 20 20 20 20 20
             20 20 20 20 20 20 20
             20 20 20 7C 7C 20 20
             20 20 20 20 20 20 20
             20 20 20 20 20 20 20
             20 20 20 20 20 20 20
             20 20 20 20
      00051D 20 20 20 7C 7C 20 20   395 	.ascii "   ||                              ||                       "
             20 20 20 20 20 20 20
             20 20 20 20 20 20 20
             20 20 20 20 20 20 20
             20 20 20 20 20 20 20
             7C 7C 20 20 20 20 20
             20 20 20 20 20 20 20
             20 20 20 20 20 20 20
             20 20 20 20
      000559 20 20 20 20 20 20 20   396 	.ascii "       ||                              ||                   "
             7C 7C 20 20 20 20 20
             20 20 20 20 20 20 20
             20 20 20 20 20 20 20
             20 20 20 20 20 20 20
             20 20 20 20 7C 7C 20
             20 20 20 20 20 20 20
             20 20 20 20 20 20 20
             20 20 20 20
      000595 20 20 20 20 20 20 20   397 	.ascii "           ||                              |+---------------"
             20 20 20 20 7C 7C 20
             20 20 20 20 20 20 20
             20 20 20 20 20 20 20
             20 20 20 20 20 20 20
             20 20 20 20 20 20 20
             20 7C 2B 2D 2D 2D 2D
             2D 2D 2D 2D 2D 2D 2D
             2D 2D 2D 2D
      0005D1 2D 2D 2D 2D 2D 2D 2D   398 	.ascii "---------------+              2021             "
             2D 2D 2D 2D 2D 2D 2D
             2D 2B 20 20 20 20 20
             20 20 20 20 20 20 20
             20 20 32 30 32 31 20
             20 20 20 20 20 20 20
             20 20 20 20 20
      000600 00                     399 	.db 0x00
      000601 00                     400 	.db 0x00
      000602                        401 __xinit__gameOverMsg:
      000602 2B 2D 2D 2D 2D 2D 2D   402 	.ascii "+------------------------------+|      G A M E     O V E R  "
             2D 2D 2D 2D 2D 2D 2D
             2D 2D 2D 2D 2D 2D 2D
             2D 2D 2D 2D 2D 2D 2D
             2D 2D 2D 2B 7C 20 20
             20 20 20 20 47 20 41
             20 4D 20 45 20 20 20
             20 20 4F 20 56 20 45
             20 52 20 20
      00063E 20 20 20 7C 2B 2D 2D   403 	.ascii "   |+------------------------------+"
             2D 2D 2D 2D 2D 2D 2D
             2D 2D 2D 2D 2D 2D 2D
             2D 2D 2D 2D 2D 2D 2D
             2D 2D 2D 2D 2D 2D 2D
             2B
      000662 00                     404 	.db 0x00
                                    405 	.area _CABS (ABS)
